// Jest Snapshot v1, https://goo.gl/fbAQLP

exports[`arraySmooth smooths a given array 1`] = `
Array [
  3,
  4,
  4.8,
  6.6,
  6.4,
  6.4,
  7,
  5.6,
  3.8,
  5.2,
  6.6,
  5,
  5.6,
  6.6,
  5.2,
  4.8,
  4.6,
  4.2,
  3.8,
  4.8,
  3,
  3,
  2.8,
  4,
  3,
  3.2,
  4.6,
  4.8,
  5,
  7.6,
  7.4,
  6,
  9.4,
  11.2,
  10.6,
  11,
  13.5,
  11.666666666666666,
]
`;

exports[`arraySmooth smooths a given array using a getter 1`] = `
Array [
  4.8,
  5.666666666666667,
  5.142857142857143,
  5.125,
  5.666666666666667,
  5.666666666666667,
  5.444444444444445,
  5.888888888888889,
  6.444444444444445,
  5.777777777777778,
  5.111111111111111,
  5.555555555555555,
  5.222222222222222,
  5.222222222222222,
  5.222222222222222,
  5.333333333333333,
  4.777777777777778,
  4.222222222222222,
  4.111111111111111,
  3.7777777777777777,
  3.2222222222222223,
  4.111111111111111,
  3.2222222222222223,
  3.3333333333333335,
  4,
  3.7777777777777777,
  4.222222222222222,
  5.777777777777778,
  5.777777777777778,
  5.777777777777778,
  6.777777777777778,
  8.777777777777779,
  9.88888888888889,
  9.333333333333334,
  10.25,
  10.142857142857142,
  9.333333333333334,
  11,
]
`;

exports[`arraySmooth smooths a given array using a setter 1`] = `
Array [
  Object {
    "foo": Object {
      "item": Object {
        "value": 1,
      },
      "itemSmoothed": 3,
    },
  },
  Object {
    "foo": Object {
      "item": Object {
        "value": 3,
      },
      "itemSmoothed": 4,
    },
  },
  Object {
    "foo": Object {
      "item": Object {
        "value": 5,
      },
      "itemSmoothed": 4.8,
    },
  },
  Object {
    "foo": Object {
      "item": Object {
        "value": 7,
      },
      "itemSmoothed": 6.6,
    },
  },
  Object {
    "foo": Object {
      "item": Object {
        "value": 8,
      },
      "itemSmoothed": 6.4,
    },
  },
  Object {
    "foo": Object {
      "item": Object {
        "value": 10,
      },
      "itemSmoothed": 6.4,
    },
  },
  Object {
    "foo": Object {
      "item": Object {
        "value": 2,
      },
      "itemSmoothed": 7,
    },
  },
  Object {
    "foo": Object {
      "item": Object {
        "value": 5,
      },
      "itemSmoothed": 5.6,
    },
  },
  Object {
    "foo": Object {
      "item": Object {
        "value": 10,
      },
      "itemSmoothed": 3.8,
    },
  },
  Object {
    "foo": Object {
      "item": Object {
        "value": 1,
      },
      "itemSmoothed": 5.2,
    },
  },
  Object {
    "foo": Object {
      "item": Object {
        "value": 1,
      },
      "itemSmoothed": 6.6,
    },
  },
  Object {
    "foo": Object {
      "item": Object {
        "value": 9,
      },
      "itemSmoothed": 5,
    },
  },
  Object {
    "foo": Object {
      "item": Object {
        "value": 12,
      },
      "itemSmoothed": 5.6,
    },
  },
  Object {
    "foo": Object {
      "item": Object {
        "value": 2,
      },
      "itemSmoothed": 6.6,
    },
  },
  Object {
    "foo": Object {
      "item": Object {
        "value": 4,
      },
      "itemSmoothed": 5.2,
    },
  },
  Object {
    "foo": Object {
      "item": Object {
        "value": 6,
      },
      "itemSmoothed": 4.8,
    },
  },
  Object {
    "foo": Object {
      "item": Object {
        "value": 2,
      },
      "itemSmoothed": 4.6,
    },
  },
  Object {
    "foo": Object {
      "item": Object {
        "value": 10,
      },
      "itemSmoothed": 4.2,
    },
  },
  Object {
    "foo": Object {
      "item": Object {
        "value": 1,
      },
      "itemSmoothed": 3.8,
    },
  },
  Object {
    "foo": Object {
      "item": Object {
        "value": 2,
      },
      "itemSmoothed": 4.8,
    },
  },
  Object {
    "foo": Object {
      "item": Object {
        "value": 4,
      },
      "itemSmoothed": 3,
    },
  },
  Object {
    "foo": Object {
      "item": Object {
        "value": 7,
      },
      "itemSmoothed": 3,
    },
  },
  Object {
    "foo": Object {
      "item": Object {
        "value": 1,
      },
      "itemSmoothed": 2.8,
    },
  },
  Object {
    "foo": Object {
      "item": Object {
        "value": 1,
      },
      "itemSmoothed": 4,
    },
  },
  Object {
    "foo": Object {
      "item": Object {
        "value": 1,
      },
      "itemSmoothed": 3,
    },
  },
  Object {
    "foo": Object {
      "item": Object {
        "value": 10,
      },
      "itemSmoothed": 3.2,
    },
  },
  Object {
    "foo": Object {
      "item": Object {
        "value": 2,
      },
      "itemSmoothed": 4.6,
    },
  },
  Object {
    "foo": Object {
      "item": Object {
        "value": 2,
      },
      "itemSmoothed": 4.8,
    },
  },
  Object {
    "foo": Object {
      "item": Object {
        "value": 8,
      },
      "itemSmoothed": 5,
    },
  },
  Object {
    "foo": Object {
      "item": Object {
        "value": 2,
      },
      "itemSmoothed": 7.6,
    },
  },
  Object {
    "foo": Object {
      "item": Object {
        "value": 11,
      },
      "itemSmoothed": 7.4,
    },
  },
  Object {
    "foo": Object {
      "item": Object {
        "value": 15,
      },
      "itemSmoothed": 6,
    },
  },
  Object {
    "foo": Object {
      "item": Object {
        "value": 1,
      },
      "itemSmoothed": 9.4,
    },
  },
  Object {
    "foo": Object {
      "item": Object {
        "value": 1,
      },
      "itemSmoothed": 11.2,
    },
  },
  Object {
    "foo": Object {
      "item": Object {
        "value": 19,
      },
      "itemSmoothed": 10.6,
    },
  },
  Object {
    "foo": Object {
      "item": Object {
        "value": 20,
      },
      "itemSmoothed": 11,
    },
  },
  Object {
    "foo": Object {
      "item": Object {
        "value": 12,
      },
      "itemSmoothed": 13.5,
    },
  },
  Object {
    "foo": Object {
      "item": Object {
        "value": 3,
      },
      "itemSmoothed": 11.666666666666666,
    },
  },
]
`;
